// Jest Snapshot v1, https://goo.gl/fbAQLP

exports[`HInput basic renders 1`] = `
<NumberInput
  id="h"
  max={360}
  min={0}
  onChange={[MockFunction]}
  theme={Object {}}
  value={200}
/>
`;
